===ROUND7=== 
K0-CLEAN-EC=0 
K1-EC=0 
K1-NOT-IN-REAL 
K2-EC=1073807364 
K2-NOT-IN-REAL 
K3-EC=0 
K3-NOT-IN-REAL 
C:\Sandbox\DONT-USE.TXT
C:\Sandbox\user
C:\Sandbox\user\DONT-USE.TXT
C:\Sandbox\user\Win7Agent
C:\Sandbox\user\Win7Agent\DONT-USE.TXT
C:\Sandbox\user\Win7Agent\drive
C:\Sandbox\user\Win7Agent\RegHive
C:\Sandbox\user\Win7Agent\user
C:\Sandbox\user\Win7Agent\drive\C
C:\Sandbox\user\Win7Agent\drive\C\k3.txt
C:\Sandbox\user\Win7Agent\user\current
C:\Sandbox\user\Win7Agent\user\current\ws
C:\Sandbox\user\Win7Agent\user\current\ws\real.txt
C:\Sandbox\user\Win7Agent\DONT-USE.TXT
C:\Sandbox\user\Win7Agent\drive
C:\Sandbox\user\Win7Agent\RegHive
C:\Sandbox\user\Win7Agent\user
C:\Sandbox\user\Win7Agent\drive\C
C:\Sandbox\user\Win7Agent\drive\C\k3.txt
C:\Sandbox\user\Win7Agent\user\current
C:\Sandbox\user\Win7Agent\user\current\ws
C:\Sandbox\user\Win7Agent\user\current\ws\real.txt
===R7-DONE=== 
